# Test file for 0-add_integer.py

# Check that module exists
>>> add_integer = __import__("0-add_integer").add_integer

# check for docstring
>>> d = __import__("0-add_integer").__doc__
>>> len(d) > 1
True

# check for function docstring
>>> add_integer = __import__("0-add_integer").add_integer
>>> len(add_integer.__doc__) > 1
True

# Add two integers
>>> add_integer(5, 9)
14

# Add an Integer and a float
>>> add_integer(20, 15.3)
35

# Add just one number
>>> add_integer(2)
100

# Add negative value
>>> add_integer(17, -5)
12

# Add string for param a
>>> add_integer("my name", 3)
Traceback (most recent call last):
...
TypeError: a must be an integer

# Add string for param b
>>> add_integer(15, "my name")
Traceback (most recent call last):
...
TypeError: b must be an integer

# Add None value
>>> add_integer(None)
Traceback (most recent call last):
...
TypeError: a must be an integer