# Test file for 5-text_indentation.py

# Check that module exists
>>> text_indent = __import__("5-text_indentation").text_indentation

# check for docstring
>>> d = __import__("5-text_indentation").__doc__
>>> len(d) > 1
True

# check for function docstring
>>> text_indent = __import__("5-text_indentation").text_indentation
>>> len(text_indent.__doc__) > 1
True

# Check for correct output
>>> text_indent("""I am typing new text""")
I am typing new text

# Check that only strings are accepted
>>> text_indent((["I am typing"]))
Traceback (most recent call last):
...
TypeError: text must be a string

# Check for multiple spacing
>>> text = "  I am    typing"
>>> text_indent(text)
I am typing

# Check for line break
>>> text = """Lorem ipsum dolor sit amet, consectetur adipiscing elit. \
... Quonam modo? Utrum igitur tibi litteram videor an totas paginas commovere? \
... Non autem hoc: igitur ne illud quidem. Fortasse id optimum, sed ubi illud: \
... Plus semper voluptatis?"""
>>> text_indent(text)
Lorem ipsum dolor sit amet, consectetur adipiscing elit.
<BLANKLINE>
Quonam modo?
<BLANKLINE>
Utrum igitur tibi litteram videor an totas paginas commovere?
<BLANKLINE>
Non autem hoc:
<BLANKLINE>
igitur ne illud quidem.
<BLANKLINE>
Fortasse id optimum, sed ubi illud:
<BLANKLINE>
Plus semper voluptatis?
<BLANKLINE>
